{"type":"server-started","port":59707,"host":"127.0.0.1","url_host":"localhost","url":"http://localhost:59707","screen_dir":"/Users/matthewafanasiev/Downloads/claudeskills/fidelis-rebuild/.superpowers/brainstorm/44118-1777004199/content","state_dir":"/Users/matthewafanasiev/Downloads/claudeskills/fidelis-rebuild/.superpowers/brainstorm/44118-1777004199/state"}
{"type":"screen-added","file":"/Users/matthewafanasiev/Downloads/claudeskills/fidelis-rebuild/.superpowers/brainstorm/44118-1777004199/content/welcome.html"}
{"type":"screen-added","file":"/Users/matthewafanasiev/Downloads/claudeskills/fidelis-rebuild/.superpowers/brainstorm/44118-1777004199/content/visual-direction.html"}
{"source":"user-event","type":"click","text":"FIDELIS STRATEGY\n      \n        Growth, engineered with trust.\n        Serif headlines · muted greens · quiet luxury\n      \n      \n        BOOK A CALL\n      \n    \n    \n      A · Editorial / Quiet Luxury\n      Forest green + warm gold accent. Serif display type. Feels like a boutique advisory firm — think McKinsey meets a craft distillery. Trust-forward.","choice":"a","id":null,"timestamp":1777004545513}
{"type":"screen-added","file":"/Users/matthewafanasiev/Downloads/claudeskills/fidelis-rebuild/.superpowers/brainstorm/44118-1777004199/content/visual-system.html"}
{"type":"screen-added","file":"/Users/matthewafanasiev/Downloads/claudeskills/fidelis-rebuild/.superpowers/brainstorm/44118-1777004199/content/visual-system-v2.html"}
{"source":"user-event","type":"click","text":"B\n    \n      \n      \n        Warm Cream · #EBDCB2\n        More saturated. Reads clearly as cream/buttery. Plays well with forest green.","choice":"b","id":null,"timestamp":1777004978632}
{"source":"user-event","type":"click","text":"C\n    \n      \n      \n        Rich Cream · #E6D3A3\n        Boldest — almost a pale gold itself. Makes sections feel more premium and distinct.","choice":"c","id":null,"timestamp":1777004979347}
{"source":"user-event","type":"click","text":"A\n    \n      \n      \n        Soft Cream · #F0E6CE\n        Subtle warmth — clearly cream but still quiet. Safe middle ground.","choice":"a","id":null,"timestamp":1777004980014}
{"source":"user-event","type":"click","text":"B\n    \n      \n      \n        Warm Cream · #EBDCB2\n        More saturated. Reads clearly as cream/buttery. Plays well with forest green.","choice":"b","id":null,"timestamp":1777004980713}
{"source":"user-event","type":"click","text":"A\n    \n      \n      \n        Soft Cream · #F0E6CE\n        Subtle warmth — clearly cream but still quiet. Safe middle ground.","choice":"a","id":null,"timestamp":1777004981679}
{"source":"user-event","type":"click","text":"B\n    \n      \n      \n        Warm Cream · #EBDCB2\n        More saturated. Reads clearly as cream/buttery. Plays well with forest green.","choice":"b","id":null,"timestamp":1777004982481}
{"source":"user-event","type":"click","text":"C\n    \n      \n      \n        Rich Cream · #E6D3A3\n        Boldest — almost a pale gold itself. Makes sections feel more premium and distinct.","choice":"c","id":null,"timestamp":1777004983397}
{"source":"user-event","type":"click","text":"B\n    \n      \n      \n        Warm Cream · #EBDCB2\n        More saturated. Reads clearly as cream/buttery. Plays well with forest green.","choice":"b","id":null,"timestamp":1777004983881}
{"source":"user-event","type":"click","text":"C\n    \n      \n      \n        Rich Cream · #E6D3A3\n        Boldest — almost a pale gold itself. Makes sections feel more premium and distinct.","choice":"c","id":null,"timestamp":1777004988063}
{"source":"user-event","type":"click","text":"B\n    \n      \n      \n        Warm Cream · #EBDCB2\n        More saturated. Reads clearly as cream/buttery. Plays well with forest green.","choice":"b","id":null,"timestamp":1777004990531}
{"type":"screen-added","file":"/Users/matthewafanasiev/Downloads/claudeskills/fidelis-rebuild/.superpowers/brainstorm/44118-1777004199/content/caps-options.html"}
{"type":"screen-added","file":"/Users/matthewafanasiev/Downloads/claudeskills/fidelis-rebuild/.superpowers/brainstorm/44118-1777004199/content/home-layout.html"}
{"type":"screen-added","file":"/Users/matthewafanasiev/Downloads/claudeskills/fidelis-rebuild/.superpowers/brainstorm/44118-1777004199/content/home-layout-v2.html"}
{"type":"screen-added","file":"/Users/matthewafanasiev/Downloads/claudeskills/fidelis-rebuild/.superpowers/brainstorm/44118-1777004199/content/home-layout-v3.html"}
{"type":"screen-added","file":"/Users/matthewafanasiev/Downloads/claudeskills/fidelis-rebuild/.superpowers/brainstorm/44118-1777004199/content/palette-logo-v4.html"}
{"type":"server-stopped","reason":"idle timeout"}
